==17291== Cachegrind, a cache and branch-prediction profiler
==17291== Copyright (C) 2002-2017, and GNU GPL'd, by Nicholas Nethercote et al.
==17291== Using Valgrind-3.15.0 and LibVEX; rerun with -h for copyright info
==17291== Command: ./src/main.out fd12.mtx
==17291== 
--17291-- warning: L3 cache found, using its data for the LL simulation.
--17291-- warning: specified LL cache: line_size 64  assoc 11  total_size 25,952,256
--17291-- warning: simulated LL cache: line_size 64  assoc 12  total_size 25,165,824
==17291== 
==17291== I   refs:      601,085,459
==17291== I1  misses:          3,254
==17291== LLi misses:          2,455
==17291== I1  miss rate:        0.00%
==17291== LLi miss rate:        0.00%
==17291== 
==17291== D   refs:      141,792,721  (128,117,441 rd   + 13,675,280 wr)
==17291== D1  misses:      5,494,628  (  5,472,384 rd   +     22,244 wr)
==17291== LLd misses:         24,902  (     11,027 rd   +     13,875 wr)
==17291== D1  miss rate:         3.9% (        4.3%     +        0.2%  )
==17291== LLd miss rate:         0.0% (        0.0%     +        0.1%  )
==17291== 
==17291== LL refs:         5,497,882  (  5,475,638 rd   +     22,244 wr)
==17291== LL misses:          27,357  (     13,482 rd   +     13,875 wr)
==17291== LL miss rate:          0.0% (        0.0%     +        0.1%  )
