Input matrix: mycielskian3.mtx
--- SEQUENTIAL EXECUTION ---
[	0	1	0	1	0	]
[	1	0	1	0	0	]
[	0	1	0	0	1	]
[	1	0	0	0	1	]
[	0	0	1	1	0	]
---- COO: ----
Rows: 5, Cols: 5, nnz: 10
--- aRow: ---
[0] [0] [1] [1] [2] [2] [3] [3] [4] [4] 
--- aCol: ---
[1] [3] [0] [2] [1] [4] [0] [4] [2] [3] 
--- aVal: ---
[1] [1] [1] [1] [1] [1] [1] [1] [1] [1] 
---- CSR: ----
Rows: 5, Cols: 5, nnz: 10
--- aRow: ---
[0] [2] [4] [6] [8] [10] 
--- aCol: ---
[1] [3] [0] [2] [1] [4] [0] [4] [2] [3] 
--- aVal: ---
[1] [1] [1] [1] [1] [1] [1] [1] [1] [1] 
--- V: ---
[2] [2] [2] [2] [2] 
--- OUT: ---
[4] [4] [4] [4] [4] 
Mul elapsed time: 0.000522614 ms
--- MPI EXECUTION ---
COO: 
[0] [0] [1] [1] 
Setup finished-- 0
rank 3 finished CSR conversion
rank 2 finished CSR conversion
rank 1 finished CSR conversion

===================================================================================
=   BAD TERMINATION OF ONE OF YOUR APPLICATION PROCESSES
=   PID 96355 RUNNING AT hpc-c11-node01.unitn.it
=   EXIT CODE: 139
=   CLEANING UP REMAINING PROCESSES
=   YOU CAN IGNORE THE BELOW CLEANUP MESSAGES
===================================================================================
YOUR APPLICATION TERMINATED WITH THE EXIT STRING: Segmentation fault (signal 11)
This typically refers to a problem with your application.
Please see the FAQ page for debugging suggestions
