==14573== Cachegrind, a cache and branch-prediction profiler
==14573== Copyright (C) 2002-2017, and GNU GPL'd, by Nicholas Nethercote et al.
==14573== Using Valgrind-3.13.0 and LibVEX; rerun with -h for copyright info
==14573== Command: ./src/main.out epb1.mtx
==14573== 
--14573-- warning: L3 cache found, using its data for the LL simulation.
--14573-- warning: specified LL cache: line_size 64  assoc 11  total_size 25,952,256
--14573-- warning: simulated LL cache: line_size 64  assoc 12  total_size 25,165,824
==14573== 
==14573== I   refs:      3,916,725,599
==14573== I1  misses:            2,798
==14573== LLi misses:            2,519
==14573== I1  miss rate:          0.00%
==14573== LLi miss rate:          0.00%
==14573== 
==14573== D   refs:        859,009,278  (811,334,434 rd   + 47,674,844 wr)
==14573== D1  misses:       43,741,735  ( 43,678,661 rd   +     63,074 wr)
==14573== LLd misses:           54,639  (     10,769 rd   +     43,870 wr)
==14573== D1  miss rate:           5.1% (        5.4%     +        0.1%  )
==14573== LLd miss rate:           0.0% (        0.0%     +        0.1%  )
==14573== 
==14573== LL refs:          43,744,533  ( 43,681,459 rd   +     63,074 wr)
==14573== LL misses:            57,158  (     13,288 rd   +     43,870 wr)
==14573== LL miss rate:            0.0% (        0.0%     +        0.1%  )
