==14904== Cachegrind, a cache and branch-prediction profiler
==14904== Copyright (C) 2002-2017, and GNU GPL'd, by Nicholas Nethercote et al.
==14904== Using Valgrind-3.13.0 and LibVEX; rerun with -h for copyright info
==14904== Command: ./src/main.out fd12.mtx
==14904== 
--14904-- warning: L3 cache found, using its data for the LL simulation.
--14904-- warning: specified LL cache: line_size 64  assoc 11  total_size 25,952,256
--14904-- warning: simulated LL cache: line_size 64  assoc 12  total_size 25,165,824
==14904== 
==14904== I   refs:      601,185,163
==14904== I1  misses:          2,761
==14904== LLi misses:          2,493
==14904== I1  miss rate:        0.00%
==14904== LLi miss rate:        0.00%
==14904== 
==14904== D   refs:      141,868,197  (128,182,843 rd   + 13,685,354 wr)
==14904== D1  misses:      5,492,448  (  5,470,231 rd   +     22,217 wr)
==14904== LLd misses:         24,625  (     10,770 rd   +     13,855 wr)
==14904== D1  miss rate:         3.9% (        4.3%     +        0.2%  )
==14904== LLd miss rate:         0.0% (        0.0%     +        0.1%  )
==14904== 
==14904== LL refs:         5,495,209  (  5,472,992 rd   +     22,217 wr)
==14904== LL misses:          27,118  (     13,263 rd   +     13,855 wr)
==14904== LL miss rate:          0.0% (        0.0%     +        0.1%  )
