==60889== Cachegrind, a cache and branch-prediction profiler
==60889== Copyright (C) 2002-2017, and GNU GPL'd, by Nicholas Nethercote et al.
==60889== Using Valgrind-3.15.0 and LibVEX; rerun with -h for copyright info
==60889== Command: ./src/main.out human_gene2.mtx
==60889== 
--60889-- warning: L3 cache found, using its data for the LL simulation.
--60889-- warning: specified LL cache: line_size 64  assoc 11  total_size 25,952,256
--60889-- warning: simulated LL cache: line_size 64  assoc 12  total_size 25,165,824
==60889== 
==60889== I   refs:      690,627,746,581
==60889== I1  misses:              2,430
==60889== LLi misses:              2,345
==60889== I1  miss rate:            0.00%
==60889== LLi miss rate:            0.00%
==60889== 
==60889== D   refs:      144,920,442,521  (140,696,458,087 rd   + 4,223,984,434 wr)
==60889== D1  misses:      8,280,467,435  (  8,271,697,899 rd   +     8,769,536 wr)
==60889== LLd misses:      7,184,580,302  (  7,175,954,144 rd   +     8,626,158 wr)
==60889== D1  miss rate:             5.7% (            5.9%     +           0.2%  )
==60889== LLd miss rate:             5.0% (            5.1%     +           0.2%  )
==60889== 
==60889== LL refs:         8,280,469,865  (  8,271,700,329 rd   +     8,769,536 wr)
==60889== LL misses:       7,184,582,647  (  7,175,956,489 rd   +     8,626,158 wr)
==60889== LL miss rate:              0.9% (            0.9%     +           0.2%  )
