==60682== Cachegrind, a cache and branch-prediction profiler
==60682== Copyright (C) 2002-2017, and GNU GPL'd, by Nicholas Nethercote et al.
==60682== Using Valgrind-3.15.0 and LibVEX; rerun with -h for copyright info
==60682== Command: ./src/main.out 1138_bus.mtx
==60682== 
--60682-- warning: L3 cache found, using its data for the LL simulation.
--60682-- warning: specified LL cache: line_size 64  assoc 11  total_size 25,952,256
--60682-- warning: simulated LL cache: line_size 64  assoc 12  total_size 25,165,824
==60682== 
==60682== I   refs:      22,998,407
==60682== I1  misses:         2,371
==60682== LLi misses:         2,174
==60682== I1  miss rate:       0.01%
==60682== LLi miss rate:       0.01%
==60682== 
==60682== D   refs:       6,652,357  (5,310,189 rd   + 1,342,168 wr)
==60682== D1  misses:        30,590  (   25,897 rd   +     4,693 wr)
==60682== LLd misses:        13,487  (   10,126 rd   +     3,361 wr)
==60682== D1  miss rate:        0.5% (      0.5%     +       0.3%  )
==60682== LLd miss rate:        0.2% (      0.2%     +       0.3%  )
==60682== 
==60682== LL refs:           32,961  (   28,268 rd   +     4,693 wr)
==60682== LL misses:         15,661  (   12,300 rd   +     3,361 wr)
==60682== LL miss rate:         0.1% (      0.0%     +       0.3%  )
