==57341== Cachegrind, a cache and branch-prediction profiler
==57341== Copyright (C) 2002-2017, and GNU GPL'd, by Nicholas Nethercote et al.
==57341== Using Valgrind-3.15.0 and LibVEX; rerun with -h for copyright info
==57341== Command: ./src/main.out human_gene2.mtx
==57341== 
--57341-- warning: L3 cache found, using its data for the LL simulation.
==57341== 
==57341== I   refs:      690,673,290,063
==57341== I1  misses:          6,697,281
==57341== LLi misses:              2,683
==57341== I1  miss rate:            0.00%
==57341== LLi miss rate:            0.00%
==57341== 
==57341== D   refs:      144,956,786,199  (140,732,758,679 rd   + 4,224,027,520 wr)
==57341== D1  misses:      8,280,510,618  (  8,271,740,939 rd   +     8,769,679 wr)
==57341== LLd misses:      7,337,941,051  (  7,329,314,327 rd   +     8,626,724 wr)
==57341== D1  miss rate:             5.7% (            5.9%     +           0.2%  )
==57341== LLd miss rate:             5.1% (            5.2%     +           0.2%  )
==57341== 
==57341== LL refs:         8,287,207,899  (  8,278,438,220 rd   +     8,769,679 wr)
==57341== LL misses:       7,337,943,734  (  7,329,317,010 rd   +     8,626,724 wr)
==57341== LL miss rate:              0.9% (            0.9%     +           0.2%  )
