==60836== Cachegrind, a cache and branch-prediction profiler
==60836== Copyright (C) 2002-2017, and GNU GPL'd, by Nicholas Nethercote et al.
==60836== Using Valgrind-3.15.0 and LibVEX; rerun with -h for copyright info
==60836== Command: ./src/main.out c-46.mtx
==60836== 
--60836-- warning: L3 cache found, using its data for the LL simulation.
--60836-- warning: specified LL cache: line_size 64  assoc 11  total_size 25,952,256
--60836-- warning: simulated LL cache: line_size 64  assoc 12  total_size 25,165,824
==60836== 
==60836== I   refs:      4,443,663,817
==60836== I1  misses:            2,420
==60836== LLi misses:            2,222
==60836== I1  miss rate:          0.00%
==60836== LLi miss rate:          0.00%
==60836== 
==60836== D   refs:        943,174,196  (908,455,574 rd   + 34,718,622 wr)
==60836== D1  misses:       52,215,492  ( 52,131,042 rd   +     84,450 wr)
==60836== LLd misses:           74,566  (     10,129 rd   +     64,437 wr)
==60836== D1  miss rate:           5.5% (        5.7%     +        0.2%  )
==60836== LLd miss rate:           0.0% (        0.0%     +        0.2%  )
==60836== 
==60836== LL refs:          52,217,912  ( 52,133,462 rd   +     84,450 wr)
==60836== LL misses:            76,788  (     12,351 rd   +     64,437 wr)
==60836== LL miss rate:            0.0% (        0.0%     +        0.2%  )
