==17239== Cachegrind, a cache and branch-prediction profiler
==17239== Copyright (C) 2002-2017, and GNU GPL'd, by Nicholas Nethercote et al.
==17239== Using Valgrind-3.15.0 and LibVEX; rerun with -h for copyright info
==17239== Command: ./src/main.out epb1.mtx
==17239== 
--17239-- warning: L3 cache found, using its data for the LL simulation.
--17239-- warning: specified LL cache: line_size 64  assoc 11  total_size 25,952,256
--17239-- warning: simulated LL cache: line_size 64  assoc 12  total_size 25,165,824
==17239== 
==17239== I   refs:      3,916,409,451
==17239== I1  misses:            5,161
==17239== LLi misses:            2,498
==17239== I1  miss rate:          0.00%
==17239== LLi miss rate:          0.00%
==17239== 
==17239== D   refs:        858,789,450  (811,153,610 rd   + 47,635,840 wr)
==17239== D1  misses:       43,743,919  ( 43,680,807 rd   +     63,112 wr)
==17239== LLd misses:           54,919  (     11,029 rd   +     43,890 wr)
==17239== D1  miss rate:           5.1% (        5.4%     +        0.1%  )
==17239== LLd miss rate:           0.0% (        0.0%     +        0.1%  )
==17239== 
==17239== LL refs:          43,749,080  ( 43,685,968 rd   +     63,112 wr)
==17239== LL misses:            57,417  (     13,527 rd   +     43,890 wr)
==17239== LL miss rate:            0.0% (        0.0%     +        0.1%  )
