==103749== Cachegrind, a cache and branch-prediction profiler
==103749== Copyright (C) 2002-2017, and GNU GPL'd, by Nicholas Nethercote et al.
==103749== Using Valgrind-3.15.0 and LibVEX; rerun with -h for copyright info
==103749== Command: ./src/main.out sinc12.mtx
==103749== 
--103749-- warning: L3 cache found, using its data for the LL simulation.
--103749-- warning: specified LL cache: line_size 64  assoc 11  total_size 37,486,592
--103749-- warning: simulated LL cache: line_size 64  assoc 18  total_size 37,748,736
==103749== 
==103749== I   refs:      5,996,696,228
==103749== I1  misses:        1,497,164
==103749== LLi misses:            2,558
==103749== I1  miss rate:          0.02%
==103749== LLi miss rate:          0.00%
==103749== 
==103749== D   refs:      1,427,681,024  (1,282,530,638 rd   + 145,150,386 wr)
==103749== D1  misses:       60,359,356  (   60,205,271 rd   +     154,085 wr)
==103749== LLd misses:          152,988  (       11,038 rd   +     141,950 wr)
==103749== D1  miss rate:           4.2% (          4.7%     +         0.1%  )
==103749== LLd miss rate:           0.0% (          0.0%     +         0.1%  )
==103749== 
==103749== LL refs:          61,856,520  (   61,702,435 rd   +     154,085 wr)
==103749== LL misses:           155,546  (       13,596 rd   +     141,950 wr)
==103749== LL miss rate:            0.0% (          0.0%     +         0.1%  )
