==19976== Cachegrind, a cache and branch-prediction profiler
==19976== Copyright (C) 2002-2017, and GNU GPL'd, by Nicholas Nethercote et al.
==19976== Using Valgrind-3.15.0 and LibVEX; rerun with -h for copyright info
==19976== Command: ./src/main.out c-46.mtx
==19976== 
--19976-- warning: L3 cache found, using its data for the LL simulation.
==19976== 
==19976== I   refs:      4,444,949,936
==19976== I1  misses:            3,621
==19976== LLi misses:            2,549
==19976== I1  miss rate:          0.00%
==19976== LLi miss rate:          0.00%
==19976== 
==19976== D   refs:        943,943,307  (909,121,478 rd   + 34,821,829 wr)
==19976== D1  misses:       52,220,175  ( 52,135,411 rd   +     84,764 wr)
==19976== LLd misses:           75,697  (     11,020 rd   +     64,677 wr)
==19976== D1  miss rate:           5.5% (        5.7%     +        0.2%  )
==19976== LLd miss rate:           0.0% (        0.0%     +        0.2%  )
==19976== 
==19976== LL refs:          52,223,796  ( 52,139,032 rd   +     84,764 wr)
==19976== LL misses:            78,246  (     13,569 rd   +     64,677 wr)
==19976== LL miss rate:            0.0% (        0.0%     +        0.2%  )
