==62243== Cachegrind, a cache and branch-prediction profiler
==62243== Copyright (C) 2002-2017, and GNU GPL'd, by Nicholas Nethercote et al.
==62243== Using Valgrind-3.13.0 and LibVEX; rerun with -h for copyright info
==62243== Command: ./src/main.out human_gene2.mtx
==62243== 
--62243-- warning: L3 cache found, using its data for the LL simulation.
--62243-- warning: specified LL cache: line_size 64  assoc 11  total_size 25,952,256
--62243-- warning: simulated LL cache: line_size 64  assoc 12  total_size 25,165,824
==62243== 
==62243== I   refs:      690,661,322,104
==62243== I1  misses:              2,806
==62243== LLi misses:              2,724
==62243== I1  miss rate:            0.00%
==62243== LLi miss rate:            0.00%
==62243== 
==62243== D   refs:      144,956,712,178  (140,732,704,304 rd   + 4,224,007,874 wr)
==62243== D1  misses:      8,280,478,194  (  8,271,707,833 rd   +     8,770,361 wr)
==62243== LLd misses:      7,184,581,574  (  7,175,955,219 rd   +     8,626,355 wr)
==62243== D1  miss rate:             5.7% (            5.9%     +           0.2%  )
==62243== LLd miss rate:             5.0% (            5.1%     +           0.2%  )
==62243== 
==62243== LL refs:         8,280,481,000  (  8,271,710,639 rd   +     8,770,361 wr)
==62243== LL misses:       7,184,584,298  (  7,175,957,943 rd   +     8,626,355 wr)
==62243== LL miss rate:              0.9% (            0.9%     +           0.2%  )
