==1295== Cachegrind, a cache and branch-prediction profiler
==1295== Copyright (C) 2002-2017, and GNU GPL'd, by Nicholas Nethercote et al.
==1295== Using Valgrind-3.15.0 and LibVEX; rerun with -h for copyright info
==1295== Command: ./src/main.out sinc12.mtx
==1295== 
--1295-- warning: L3 cache found, using its data for the LL simulation.
==1295== 
==1295== I   refs:      5,994,856,448
==1295== I1  misses:            2,434
==1295== LLi misses:            2,230
==1295== I1  miss rate:          0.00%
==1295== LLi miss rate:          0.00%
==1295== 
==1295== D   refs:      1,426,329,521  (1,281,224,703 rd   + 145,104,818 wr)
==1295== D1  misses:       60,354,442  (   60,200,658 rd   +     153,784 wr)
==1295== LLd misses:          151,838  (       10,128 rd   +     141,710 wr)
==1295== D1  miss rate:           4.2% (          4.7%     +         0.1%  )
==1295== LLd miss rate:           0.0% (          0.0%     +         0.1%  )
==1295== 
==1295== LL refs:          60,356,876  (   60,203,092 rd   +     153,784 wr)
==1295== LL misses:           154,068  (       12,358 rd   +     141,710 wr)
==1295== LL miss rate:            0.0% (          0.0%     +         0.1%  )
