==17186== Cachegrind, a cache and branch-prediction profiler
==17186== Copyright (C) 2002-2017, and GNU GPL'd, by Nicholas Nethercote et al.
==17186== Using Valgrind-3.15.0 and LibVEX; rerun with -h for copyright info
==17186== Command: ./src/main.out c-46.mtx
==17186== 
--17186-- warning: L3 cache found, using its data for the LL simulation.
--17186-- warning: specified LL cache: line_size 64  assoc 11  total_size 25,952,256
--17186-- warning: simulated LL cache: line_size 64  assoc 12  total_size 25,165,824
==17186== 
==17186== I   refs:      4,444,367,175
==17186== I1  misses:          145,638
==17186== LLi misses:            2,520
==17186== I1  miss rate:          0.00%
==17186== LLi miss rate:          0.00%
==17186== 
==17186== D   refs:        943,645,472  (908,883,335 rd   + 34,762,137 wr)
==17186== D1  misses:       52,220,474  ( 52,135,700 rd   +     84,774 wr)
==17186== LLd misses:           75,709  (     11,029 rd   +     64,680 wr)
==17186== D1  miss rate:           5.5% (        5.7%     +        0.2%  )
==17186== LLd miss rate:           0.0% (        0.0%     +        0.2%  )
==17186== 
==17186== LL refs:          52,366,112  ( 52,281,338 rd   +     84,774 wr)
==17186== LL misses:            78,229  (     13,549 rd   +     64,680 wr)
==17186== LL miss rate:            0.0% (        0.0%     +        0.2%  )
