==15150== Cachegrind, a cache and branch-prediction profiler
==15150== Copyright (C) 2002-2017, and GNU GPL'd, by Nicholas Nethercote et al.
==15150== Using Valgrind-3.13.0 and LibVEX; rerun with -h for copyright info
==15150== Command: ./src/main.out human_gene2.mtx
==15150== 
--15150-- warning: L3 cache found, using its data for the LL simulation.
--15150-- warning: specified LL cache: line_size 64  assoc 11  total_size 25,952,256
--15150-- warning: simulated LL cache: line_size 64  assoc 12  total_size 25,165,824
==15150== 
==15150== I   refs:      690,661,896,059
==15150== I1  misses:              2,807
==15150== LLi misses:              2,718
==15150== I1  miss rate:            0.00%
==15150== LLi miss rate:            0.00%
==15150== 
==15150== D   refs:      144,956,999,155  (140,732,933,874 rd   + 4,224,065,281 wr)
==15150== D1  misses:      8,280,643,367  (  8,271,865,179 rd   +     8,778,188 wr)
==15150== LLd misses:      7,184,581,585  (  7,175,955,230 rd   +     8,626,355 wr)
==15150== D1  miss rate:             5.7% (            5.9%     +           0.2%  )
==15150== LLd miss rate:             5.0% (            5.1%     +           0.2%  )
==15150== 
==15150== LL refs:         8,280,646,174  (  8,271,867,986 rd   +     8,778,188 wr)
==15150== LL misses:       7,184,584,303  (  7,175,957,948 rd   +     8,626,355 wr)
==15150== LL miss rate:              0.9% (            0.9%     +           0.2%  )
