==59722== Cachegrind, a cache and branch-prediction profiler
==59722== Copyright (C) 2002-2017, and GNU GPL'd, by Nicholas Nethercote et al.
==59722== Using Valgrind-3.15.0 and LibVEX; rerun with -h for copyright info
==59722== Command: ./src/main.out fd12.mtx
==59722== 
--59722-- warning: L3 cache found, using its data for the LL simulation.
==59722== 
==59722== I   refs:      600,596,955
==59722== I1  misses:          2,366
==59722== LLi misses:          2,172
==59722== I1  miss rate:        0.00%
==59722== LLi miss rate:        0.00%
==59722== 
==59722== D   refs:      141,513,561  (127,881,688 rd   + 13,631,873 wr)
==59722== D1  misses:      5,492,717  (  5,470,795 rd   +     21,922 wr)
==59722== LLd misses:         23,755  (     10,123 rd   +     13,632 wr)
==59722== D1  miss rate:         3.9% (        4.3%     +        0.2%  )
==59722== LLd miss rate:         0.0% (        0.0%     +        0.1%  )
==59722== 
==59722== LL refs:         5,495,083  (  5,473,161 rd   +     21,922 wr)
==59722== LL misses:          25,927  (     12,295 rd   +     13,632 wr)
==59722== LL miss rate:          0.0% (        0.0%     +        0.1%  )
