==6700== Cachegrind, a cache and branch-prediction profiler
==6700== Copyright (C) 2002-2017, and GNU GPL'd, by Nicholas Nethercote et al.
==6700== Using Valgrind-3.15.0 and LibVEX; rerun with -h for copyright info
==6700== Command: ./src/main.out sinc12.mtx
==6700== 
--6700-- warning: L3 cache found, using its data for the LL simulation.
==6700== 
==6700== I   refs:      5,996,674,204
==6700== I1  misses:            8,535
==6700== LLi misses:            2,509
==6700== I1  miss rate:          0.00%
==6700== LLi miss rate:          0.00%
==6700== 
==6700== D   refs:      1,427,673,770  (1,282,525,863 rd   + 145,147,907 wr)
==6700== D1  misses:       60,359,567  (   60,205,435 rd   +     154,132 wr)
==6700== LLd misses:          152,975  (       11,021 rd   +     141,954 wr)
==6700== D1  miss rate:           4.2% (          4.7%     +         0.1%  )
==6700== LLd miss rate:           0.0% (          0.0%     +         0.1%  )
==6700== 
==6700== LL refs:          60,368,102  (   60,213,970 rd   +     154,132 wr)
==6700== LL misses:           155,484  (       13,530 rd   +     141,954 wr)
==6700== LL miss rate:            0.0% (          0.0%     +         0.1%  )
