==1241== Cachegrind, a cache and branch-prediction profiler
==1241== Copyright (C) 2002-2017, and GNU GPL'd, by Nicholas Nethercote et al.
==1241== Using Valgrind-3.15.0 and LibVEX; rerun with -h for copyright info
==1241== Command: ./src/main.out epb1.mtx
==1241== 
--1241-- warning: L3 cache found, using its data for the LL simulation.
==1241== 
==1241== I   refs:      3,915,593,308
==1241== I1  misses:            2,387
==1241== LLi misses:            2,191
==1241== I1  miss rate:          0.00%
==1241== LLi miss rate:          0.00%
==1241== 
==1241== D   refs:        858,228,834  (810,636,519 rd   + 47,592,315 wr)
==1241== D1  misses:       43,738,855  ( 43,676,084 rd   +     62,771 wr)
==1241== LLd misses:           53,768  (     10,122 rd   +     43,646 wr)
==1241== D1  miss rate:           5.1% (        5.4%     +        0.1%  )
==1241== LLd miss rate:           0.0% (        0.0%     +        0.1%  )
==1241== 
==1241== LL refs:          43,741,242  ( 43,678,471 rd   +     62,771 wr)
==1241== LL misses:            55,959  (     12,313 rd   +     43,646 wr)
==1241== LL miss rate:            0.0% (        0.0%     +        0.1%  )
